Archive member included to satisfy reference by file (symbol)

c:/st/stm32cubeide_1.3.0/stm32cubeide/plugins/com.st.stm32cube.ide.mcu.externaltools.gnu-tools-for-stm32.7-2018-q2-update.win32_1.4.0.202007081208/tools/bin/../lib/gcc/arm-none-eabi/7.3.1/../../../../arm-none-eabi/lib/thumb/v7e-m/fpv4-sp/hard\libc_nano.a(lib_a-errno.o)
                              Src/syscalls.o (__errno)
c:/st/stm32cubeide_1.3.0/stm32cubeide/plugins/com.st.stm32cube.ide.mcu.externaltools.gnu-tools-for-stm32.7-2018-q2-update.win32_1.4.0.202007081208/tools/bin/../lib/gcc/arm-none-eabi/7.3.1/../../../../arm-none-eabi/lib/thumb/v7e-m/fpv4-sp/hard\libc_nano.a(lib_a-exit.o)
                              c:/st/stm32cubeide_1.3.0/stm32cubeide/plugins/com.st.stm32cube.ide.mcu.externaltools.gnu-tools-for-stm32.7-2018-q2-update.win32_1.4.0.202007081208/tools/bin/../lib/gcc/arm-none-eabi/7.3.1/../../../../arm-none-eabi/lib/thumb/v7e-m/fpv4-sp/hard/crt0.o (exit)
c:/st/stm32cubeide_1.3.0/stm32cubeide/plugins/com.st.stm32cube.ide.mcu.externaltools.gnu-tools-for-stm32.7-2018-q2-update.win32_1.4.0.202007081208/tools/bin/../lib/gcc/arm-none-eabi/7.3.1/../../../../arm-none-eabi/lib/thumb/v7e-m/fpv4-sp/hard\libc_nano.a(lib_a-impure.o)
                              c:/st/stm32cubeide_1.3.0/stm32cubeide/plugins/com.st.stm32cube.ide.mcu.externaltools.gnu-tools-for-stm32.7-2018-q2-update.win32_1.4.0.202007081208/tools/bin/../lib/gcc/arm-none-eabi/7.3.1/../../../../arm-none-eabi/lib/thumb/v7e-m/fpv4-sp/hard\libc_nano.a(lib_a-exit.o) (_global_impure_ptr)
c:/st/stm32cubeide_1.3.0/stm32cubeide/plugins/com.st.stm32cube.ide.mcu.externaltools.gnu-tools-for-stm32.7-2018-q2-update.win32_1.4.0.202007081208/tools/bin/../lib/gcc/arm-none-eabi/7.3.1/../../../../arm-none-eabi/lib/thumb/v7e-m/fpv4-sp/hard\libc_nano.a(lib_a-init.o)
                              c:/st/stm32cubeide_1.3.0/stm32cubeide/plugins/com.st.stm32cube.ide.mcu.externaltools.gnu-tools-for-stm32.7-2018-q2-update.win32_1.4.0.202007081208/tools/bin/../lib/gcc/arm-none-eabi/7.3.1/../../../../arm-none-eabi/lib/thumb/v7e-m/fpv4-sp/hard/crt0.o (__libc_init_array)
c:/st/stm32cubeide_1.3.0/stm32cubeide/plugins/com.st.stm32cube.ide.mcu.externaltools.gnu-tools-for-stm32.7-2018-q2-update.win32_1.4.0.202007081208/tools/bin/../lib/gcc/arm-none-eabi/7.3.1/../../../../arm-none-eabi/lib/thumb/v7e-m/fpv4-sp/hard\libc_nano.a(lib_a-memset.o)
                              c:/st/stm32cubeide_1.3.0/stm32cubeide/plugins/com.st.stm32cube.ide.mcu.externaltools.gnu-tools-for-stm32.7-2018-q2-update.win32_1.4.0.202007081208/tools/bin/../lib/gcc/arm-none-eabi/7.3.1/../../../../arm-none-eabi/lib/thumb/v7e-m/fpv4-sp/hard/crt0.o (memset)
c:/st/stm32cubeide_1.3.0/stm32cubeide/plugins/com.st.stm32cube.ide.mcu.externaltools.gnu-tools-for-stm32.7-2018-q2-update.win32_1.4.0.202007081208/tools/bin/../lib/gcc/arm-none-eabi/7.3.1/../../../../arm-none-eabi/lib/thumb/v7e-m/fpv4-sp/hard\libm.a(lib_a-w_pow.o)
                              Src/MPU6050_Driver.o (pow)
c:/st/stm32cubeide_1.3.0/stm32cubeide/plugins/com.st.stm32cube.ide.mcu.externaltools.gnu-tools-for-stm32.7-2018-q2-update.win32_1.4.0.202007081208/tools/bin/../lib/gcc/arm-none-eabi/7.3.1/../../../../arm-none-eabi/lib/thumb/v7e-m/fpv4-sp/hard\libm.a(lib_a-e_pow.o)
                              c:/st/stm32cubeide_1.3.0/stm32cubeide/plugins/com.st.stm32cube.ide.mcu.externaltools.gnu-tools-for-stm32.7-2018-q2-update.win32_1.4.0.202007081208/tools/bin/../lib/gcc/arm-none-eabi/7.3.1/../../../../arm-none-eabi/lib/thumb/v7e-m/fpv4-sp/hard\libm.a(lib_a-w_pow.o) (__ieee754_pow)
c:/st/stm32cubeide_1.3.0/stm32cubeide/plugins/com.st.stm32cube.ide.mcu.externaltools.gnu-tools-for-stm32.7-2018-q2-update.win32_1.4.0.202007081208/tools/bin/../lib/gcc/arm-none-eabi/7.3.1/../../../../arm-none-eabi/lib/thumb/v7e-m/fpv4-sp/hard\libm.a(lib_a-e_sqrt.o)
                              c:/st/stm32cubeide_1.3.0/stm32cubeide/plugins/com.st.stm32cube.ide.mcu.externaltools.gnu-tools-for-stm32.7-2018-q2-update.win32_1.4.0.202007081208/tools/bin/../lib/gcc/arm-none-eabi/7.3.1/../../../../arm-none-eabi/lib/thumb/v7e-m/fpv4-sp/hard\libm.a(lib_a-e_pow.o) (__ieee754_sqrt)
c:/st/stm32cubeide_1.3.0/stm32cubeide/plugins/com.st.stm32cube.ide.mcu.externaltools.gnu-tools-for-stm32.7-2018-q2-update.win32_1.4.0.202007081208/tools/bin/../lib/gcc/arm-none-eabi/7.3.1/../../../../arm-none-eabi/lib/thumb/v7e-m/fpv4-sp/hard\libm.a(lib_a-s_fabs.o)
                              c:/st/stm32cubeide_1.3.0/stm32cubeide/plugins/com.st.stm32cube.ide.mcu.externaltools.gnu-tools-for-stm32.7-2018-q2-update.win32_1.4.0.202007081208/tools/bin/../lib/gcc/arm-none-eabi/7.3.1/../../../../arm-none-eabi/lib/thumb/v7e-m/fpv4-sp/hard\libm.a(lib_a-e_pow.o) (fabs)
c:/st/stm32cubeide_1.3.0/stm32cubeide/plugins/com.st.stm32cube.ide.mcu.externaltools.gnu-tools-for-stm32.7-2018-q2-update.win32_1.4.0.202007081208/tools/bin/../lib/gcc/arm-none-eabi/7.3.1/../../../../arm-none-eabi/lib/thumb/v7e-m/fpv4-sp/hard\libm.a(lib_a-s_finite.o)
[...]
Memory Configuration

Name             Origin             Length             Attributes
RAM              0x0000000020000000 0x0000000000020000 xrw
ROM              0x0000000008000000 0x0000000000100000 xr
*default*        0x0000000000000000 0xffffffffffffffff

Linker script and memory map

LOAD c:/st/stm32cubeide_1.3.0/stm32cubeide/plugins/com.st.stm32cube.ide.mcu.externaltools.gnu-tools-for-stm32.7-2018-q2-update.win32_1.4.0.202007081208/tools/bin/../lib/gcc/arm-none-eabi/7.3.1/thumb/v7e-m/fpv4-sp/hard/crti.o
LOAD c:/st/stm32cubeide_1.3.0/stm32cubeide/plugins/com.st.stm32cube.ide.mcu.externaltools.gnu-tools-for-stm32.7-2018-q2-update.win32_1.4.0.202007081208/tools/bin/../lib/gcc/arm-none-eabi/7.3.1/thumb/v7e-m/fpv4-sp/hard/crtbegin.o
LOAD c:/st/stm32cubeide_1.3.0/stm32cubeide/plugins/com.st.stm32cube.ide.mcu.externaltools.gnu-tools-for-stm32.7-2018-q2-update.win32_1.4.0.202007081208/tools/bin/../lib/gcc/arm-none-eabi/7.3.1/../../../../arm-none-eabi/lib/thumb/v7e-m/fpv4-sp/hard/crt0.o
LOAD LCD_Driver/lcd.o
LOAD Src/002_AccelOnly.o
LOAD Src/MPU6050_Driver.o
LOAD Src/syscalls.o
LOAD Src/sysmem.o
LOAD Startup/startup_stm32f407vgtx.o
LOAD drivers/Src/stm32F407xx_ADC_driver.o
LOAD drivers/Src/stm32F407xx_I2C_driver.o
LOAD drivers/Src/stm32F407xx_RCC_driver.o
LOAD drivers/Src/stm32F407xx_SPI_driver.o
LOAD drivers/Src/stm32F407xx_TIM_driver.o
LOAD drivers/Src/stm32F407xx__USART_driver.o
LOAD drivers/Src/stm32F407xx_gpio_driver.o
START GROUP
LOAD c:/st/stm32cubeide_1.3.0/stm32cubeide/plugins/com.st.stm32cube.ide.mcu.externaltools.gnu-tools-for-stm32.7-2018-q2-update.win32_1.4.0.202007081208/tools/bin/../lib/gcc/arm-none-eabi/7.3.1/../../../../arm-none-eabi/lib/thumb/v7e-m/fpv4-sp/hard\libc_nano.a
LOAD c:/st/stm32cubeide_1.3.0/stm32cubeide/plugins/com.st.stm32cube.ide.mcu.externaltools.gnu-tools-for-stm32.7-2018-q2-update.win32_1.4.0.202007081208/tools/bin/../lib/gcc/arm-none-eabi/7.3.1/../../../../arm-none-eabi/lib/thumb/v7e-m/fpv4-sp/hard\libm.a
END GROUP
START GROUP
LOAD c:/st/stm32cubeide_1.3.0/stm32cubeide/plugins/com.st.stm32cube.ide.mcu.externaltools.gnu-tools-for-stm32.7-2018-q2-update.win32_1.4.0.202007081208/tools/bin/../lib/gcc/arm-none-eabi/7.3.1/thumb/v7e-m/fpv4-sp/hard\libgcc.a
LOAD c:/st/stm32cubeide_1.3.0/stm32cubeide/plugins/com.st.stm32cube.ide.mcu.externaltools.gnu-tools-for-stm32.7-2018-q2-update.win32_1.4.0.202007081208/tools/bin/../lib/gcc/arm-none-eabi/7.3.1/../../../../arm-none-eabi/lib/thumb/v7e-m/fpv4-sp/hard\libc_nano.a
END GROUP
START GROUP
LOAD c:/st/stm32cubeide_1.3.0/stm32cubeide/plugins/com.st.stm32cube.ide.mcu.externaltools.gnu-tools-for-stm32.7-2018-q2-update.win32_1.4.0.202007081208/tools/bin/../lib/gcc/arm-none-eabi/7.3.1/thumb/v7e-m/fpv4-sp/hard\libgcc.a
LOAD c:/st/stm32cubeide_1.3.0/stm32cubeide/plugins/com.st.stm32cube.ide.mcu.externaltools.gnu-tools-for-stm32.7-2018-q2-update.win32_1.4.0.202007081208/tools/bin/../lib/gcc/arm-none-eabi/7.3.1/../../../../arm-none-eabi/lib/thumb/v7e-m/fpv4-sp/hard\libc_nano.a
LOAD c:/st/stm32cubeide_1.3.0/stm32cubeide/plugins/com.st.stm32cube.ide.mcu.externaltools.gnu-tools-for-stm32.7-2018-q2-update.win32_1.4.0.202007081208/tools/bin/../lib/gcc/arm-none-eabi/7.3.1/../../../../arm-none-eabi/lib/thumb/v7e-m/fpv4-sp/hard\libnosys.a
END GROUP
START GROUP
LOAD c:/st/stm32cubeide_1.3.0/stm32cubeide/plugins/com.st.stm32cube.ide.mcu.externaltools.gnu-tools-for-stm32.7-2018-q2-update.win32_1.4.0.202007081208/tools/bin/../lib/gcc/arm-none-eabi/7.3.1/thumb/v7e-m/fpv4-sp/hard\libgcc.a
LOAD c:/st/stm32cubeide_1.3.0/stm32cubeide/plugins/com.st.stm32cube.ide.mcu.externaltools.gnu-tools-for-stm32.7-2018-q2-update.win32_1.4.0.202007081208/tools/bin/../lib/gcc/arm-none-eabi/7.3.1/../../../../arm-none-eabi/lib/thumb/v7e-m/fpv4-sp/hard\libc_nano.a
LOAD c:/st/stm32cubeide_1.3.0/stm32cubeide/plugins/com.st.stm32cube.ide.mcu.externaltools.gnu-tools-for-stm32.7-2018-q2-update.win32_1.4.0.202007081208/tools/bin/../lib/gcc/arm-none-eabi/7.3.1/../../../../arm-none-eabi/lib/thumb/v7e-m/fpv4-sp/hard\libnosys.a
END GROUP
LOAD c:/st/stm32cubeide_1.3.0/stm32cubeide/plugins/com.st.stm32cube.ide.mcu.externaltools.gnu-tools-for-stm32.7-2018-q2-update.win32_1.4.0.202007081208/tools/bin/../lib/gcc/arm-none-eabi/7.3.1/thumb/v7e-m/fpv4-sp/hard/crtend.o
LOAD c:/st/stm32cubeide_1.3.0/stm32cubeide/plugins/com.st.stm32cube.ide.mcu.externaltools.gnu-tools-for-stm32.7-2018-q2-update.win32_1.4.0.202007081208/tools/bin/../lib/gcc/arm-none-eabi/7.3.1/thumb/v7e-m/fpv4-sp/hard/crtn.o
                0x0000000020020000                _estack = (ORIGIN (RAM) + LENGTH (RAM))
                0x0000000000000200                _Min_Heap_Size = 0x200
                0x0000000000000400                _Min_Stack_Size = 0x400

.isr_vector     0x0000000008000000      0x1a8
                0x0000000008000000                . = ALIGN (0x4)
 *(.isr_vector)
 .isr_vector    0x0000000008000000      0x1a8 Startup/startup_stm32f407vgtx.o
                0x0000000008000000                g_pfnVectors
                0x00000000080001a8                . = ALIGN (0x4)

.text           0x00000000080001a8     0x1b34
                0x00000000080001a8                . = ALIGN (0x4)
 *(.text)
 .text          0x00000000080001a8       0x40 c:/st/stm32cubeide_1.3.0/stm32cubeide/plugins/com.st.stm32cube.ide.mcu.externaltools.gnu-tools-for-stm32.7-2018-q2-update.win32_1.4.0.202007081208/tools/bin/../lib/gcc/arm-none-eabi/7.3.1/thumb/v7e-m/fpv4-sp/hard/crtbegin.o
 *(.text*)
 .text.Delay    0x00000000080001e8       0x56 LCD_Driver/lcd.o
 *fill*         0x000000000800023e        0x2 
 .text.lcd16x02_int
                0x0000000008000240      0x138 LCD_Driver/lcd.o
                0x0000000008000240                lcd16x02_int
 .text.lcd16x02_blink_off
                0x0000000008000378       0x2c LCD_Driver/lcd.o
                0x0000000008000378                lcd16x02_blink_off
 .text.lcd16x02_cursor_off
                0x00000000080003a4       0x2c LCD_Driver/lcd.o
                0x00000000080003a4                lcd16x02_cursor_off
 .text.lcd16x02_write_char
                0x00000000080003d0       0x40 LCD_Driver/lcd.o
                0x00000000080003d0                lcd16x02_write_char
 .text.lcd16x02_write_string
                0x0000000008000410       0x4c LCD_Driver/lcd.o
                0x0000000008000410                lcd16x02_write_string
 .text.lcd16x02_clear
                0x000000000800045c       0x16 LCD_Driver/lcd.o
                0x000000000800045c                lcd16x02_clear
 .text.lcd16x02_setCursor
                0x0000000008000472       0x4e LCD_Driver/lcd.o
                0x0000000008000472                lcd16x02_setCursor
 .text.lcd16x02_send_cmd
                0x00000000080004c0       0x40 LCD_Driver/lcd.o
                0x00000000080004c0                lcd16x02_send_cmd
 .text.lcd16x02_enable
                0x0000000008000500       0x3c LCD_Driver/lcd.o
                0x0000000008000500                lcd16x02_enable
 .text.write8_Bits
                0x000000000800053c       0xf0 LCD_Driver/lcd.o
 .text.lcd16x02_RS_pin
                0x000000000800062c       0x5c LCD_Driver/lcd.o
                0x000000000800062c                lcd16x02_RS_pin
 .text.lcd16x02_RW_pin
                0x0000000008000688       0x5c LCD_Driver/lcd.o
                0x0000000008000688                lcd16x02_RW_pin
 .text.lcd16x02_Enable_pin
                0x00000000080006e4       0x5c LCD_Driver/lcd.o
                0x00000000080006e4                lcd16x02_Enable_pin
 .text.lcd16x02_Data_pin0
                0x0000000008000740       0x5c LCD_Driver/lcd.o
                0x0000000008000740                lcd16x02_Data_pin0
 .text.lcd16x02_Data_pin1
                0x000000000800079c       0x60 LCD_Driver/lcd.o
                0x000000000800079c                lcd16x02_Data_pin1
 .text.lcd16x02_Data_pin2
                0x00000000080007fc       0x60 LCD_Driver/lcd.o
                0x00000000080007fc                lcd16x02_Data_pin2
 .text.lcd16x02_Data_pin3
                0x000000000800085c       0x60 LCD_Driver/lcd.o
                0x000000000800085c                lcd16x02_Data_pin3
 .text.lcd16x02_Data_pin4
                0x00000000080008bc       0x60 LCD_Driver/lcd.o
                0x00000000080008bc                lcd16x02_Data_pin4
 .text.lcd16x02_Data_pin5
                0x000000000800091c       0x60 LCD_Driver/lcd.o
                0x000000000800091c                lcd16x02_Data_pin5
 .text.lcd16x02_Data_pin6
                0x000000000800097c       0x60 LCD_Driver/lcd.o
                0x000000000800097c                lcd16x02_Data_pin6
 .text.lcd16x02_Data_pin7
                0x00000000080009dc       0x60 LCD_Driver/lcd.o
                0x00000000080009dc                lcd16x02_Data_pin7
 .text.main     0x0000000008000a3c      0x1ec Src/002_AccelOnly.o
                0x0000000008000a3c                main
 .text.MPU6050_Set_ADDR
                0x0000000008000c28       0x20 Src/MPU6050_Driver.o
                0x0000000008000c28                MPU6050_Set_ADDR
 .text.MPU6050_Sleep_disable
                0x0000000008000c48       0x2c Src/MPU6050_Driver.o
                0x0000000008000c48                MPU6050_Sleep_disable
 .text.MPU6050_DLPF_Config
                0x0000000008000c74       0x30 Src/MPU6050_Driver.o
                0x0000000008000c74                MPU6050_DLPF_Config
 .text.MPU6050_Accel_Config
                0x0000000008000ca4       0x38 Src/MPU6050_Driver.o
                0x0000000008000ca4                MPU6050_Accel_Config
 .text.MPU6050_AccelFS_Config
                0x0000000008000cdc       0x38 Src/MPU6050_Driver.o
                0x0000000008000cdc                MPU6050_AccelFS_Config
 .text.MPU6050_Get_AccelData
                0x0000000008000d14       0x7c Src/MPU6050_Driver.o
                0x0000000008000d14                MPU6050_Get_AccelData
 .text.MPU6050_FIFO_AccelEnOrDi
                0x0000000008000d90       0x80 Src/MPU6050_Driver.o
                0x0000000008000d90                MPU6050_FIFO_AccelEnOrDi
 .text.MPU6050_MotDet_Config
                0x0000000008000e10       0x24 Src/MPU6050_Driver.o
                0x0000000008000e10                MPU6050_MotDet_Config
 .text.Write_MPU6050_I2C
                0x0000000008000e34       0x3c Src/MPU6050_Driver.o
                0x0000000008000e34                Write_MPU6050_I2C
 .text.Read_Multiple_MPU6050_I2C
                0x0000000008000e70       0x4c Src/MPU6050_Driver.o
                0x0000000008000e70                Read_Multiple_MPU6050_I2C
 .text.Reset_Handler
                0x0000000008000ebc       0x50 Startup/startup_stm32f407vgtx.o
                0x0000000008000ebc                Reset_Handler
 .text.Default_Handler
                0x0000000008000f0c        0x2 Startup/startup_stm32f407vgtx.o
                0x0000000008000f0c                RTC_Alarm_IRQHandler
                0x0000000008000f0c                HASH_RNG_IRQHandler
                0x0000000008000f0c                EXTI2_IRQHandler
                0x0000000008000f0c                TIM8_CC_IRQHandler
                0x0000000008000f0c                DebugMon_Handler
                0x0000000008000f0c                TIM1_CC_IRQHandler
                0x0000000008000f0c                DMA2_Stream5_IRQHandler
                0x0000000008000f0c                HardFault_Handler
                0x0000000008000f0c                DMA1_Stream5_IRQHandler
                0x0000000008000f0c                SysTick_Handler
                0x0000000008000f0c                PVD_IRQHandler
                0x0000000008000f0c                SDIO_IRQHandler
                0x0000000008000f0c                TAMP_STAMP_IRQHandler
                0x0000000008000f0c                PendSV_Handler
                0x0000000008000f0c                NMI_Handler
                0x0000000008000f0c                CAN2_RX1_IRQHandler
                0x0000000008000f0c                EXTI3_IRQHandler
                0x0000000008000f0c                TIM8_TRG_COM_TIM14_IRQHandler
                0x0000000008000f0c                TIM1_UP_TIM10_IRQHandler
                0x0000000008000f0c                TIM8_UP_TIM13_IRQHandler
                0x0000000008000f0c                I2C3_ER_IRQHandler
                0x0000000008000f0c                LCD_TFT_IRQHandler
                0x0000000008000f0c                EXTI0_IRQHandler
                0x0000000008000f0c                I2C2_EV_IRQHandler
                0x0000000008000f0c                DMA1_Stream2_IRQHandler
                0x0000000008000f0c                CAN1_RX0_IRQHandler
                0x0000000008000f0c                FPU_IRQHandler
                0x0000000008000f0c                OTG_HS_WKUP_IRQHandler
                0x0000000008000f0c                UsageFault_Handler
                0x0000000008000f0c                CAN2_SCE_IRQHandler
                0x0000000008000f0c                DMA2_Stream2_IRQHandler
                0x0000000008000f0c                SPI1_IRQHandler
                0x0000000008000f0c                TIM6_DAC_IRQHandler
                0x0000000008000f0c                TIM1_BRK_TIM9_IRQHandler
                0x0000000008000f0c                DCMI_IRQHandler
                0x0000000008000f0c                CAN2_RX0_IRQHandler
                0x0000000008000f0c                DMA2_Stream3_IRQHandler
                0x0000000008000f0c                USART6_IRQHandler
                0x0000000008000f0c                USART3_IRQHandler
                0x0000000008000f0c                CRYP_IRQHandler
                0x0000000008000f0c                CAN1_RX1_IRQHandler
                0x0000000008000f0c                UART5_IRQHandler
                0x0000000008000f0c                DMA2_Stream0_IRQHandler
                0x0000000008000f0c                TIM4_IRQHandler
                0x0000000008000f0c                I2C1_EV_IRQHandler
                0x0000000008000f0c                DMA1_Stream6_IRQHandler
                0x0000000008000f0c                DMA1_Stream1_IRQHandler
                0x0000000008000f0c                UART4_IRQHandler
                0x0000000008000f0c                LCD_TFT_1_IRQHandler
                0x0000000008000f0c                TIM3_IRQHandler
                0x0000000008000f0c                RCC_IRQHandler
                0x0000000008000f0c                TIM8_BRK_TIM12_IRQHandler
                0x0000000008000f0c                Default_Handler
                0x0000000008000f0c                EXTI15_10_IRQHandler
                0x0000000008000f0c                ADC_IRQHandler
                0x0000000008000f0c                DMA1_Stream7_IRQHandler
                0x0000000008000f0c                TIM7_IRQHandler
                0x0000000008000f0c                CAN2_TX_IRQHandler
                0x0000000008000f0c                TIM5_IRQHandler
                0x0000000008000f0c                DMA2_Stream7_IRQHandler
                0x0000000008000f0c                I2C3_EV_IRQHandler
                0x0000000008000f0c                EXTI9_5_IRQHandler
                0x0000000008000f0c                RTC_WKUP_IRQHandler
                0x0000000008000f0c                ETH_WKUP_IRQHandler
                0x0000000008000f0c                SPI2_IRQHandler
                0x0000000008000f0c                OTG_HS_EP1_IN_IRQHandler
                0x0000000008000f0c                MemManage_Handler
                0x0000000008000f0c                DMA1_Stream0_IRQHandler
                0x0000000008000f0c                CAN1_TX_IRQHandler
                0x0000000008000f0c                SVC_Handler
                0x0000000008000f0c                EXTI4_IRQHandler
                0x0000000008000f0c                FSMC_IRQHandler
                0x0000000008000f0c                ETH_IRQHandler
                0x0000000008000f0c                OTG_HS_EP1_OUT_IRQHandler
                0x0000000008000f0c                WWDG_IRQHandler
                0x0000000008000f0c                TIM2_IRQHandler
                0x0000000008000f0c                OTG_FS_WKUP_IRQHandler
                0x0000000008000f0c                TIM1_TRG_COM_TIM11_IRQHandler
                0x0000000008000f0c                OTG_HS_IRQHandler
                0x0000000008000f0c                EXTI1_IRQHandler
                0x0000000008000f0c                USART2_IRQHandler
                0x0000000008000f0c                I2C2_ER_IRQHandler
                0x0000000008000f0c                DMA2_Stream1_IRQHandler
                0x0000000008000f0c                CAN1_SCE_IRQHandler
                0x0000000008000f0c                DMA2_Stream4_IRQHandler
                0x0000000008000f0c                BusFault_Handler
                0x0000000008000f0c                USART1_IRQHandler
                0x0000000008000f0c                OTG_FS_IRQHandler
                0x0000000008000f0c                SPI3_IRQHandler
                0x0000000008000f0c                DMA1_Stream4_IRQHandler
                0x0000000008000f0c                I2C1_ER_IRQHandler
                0x0000000008000f0c                DMA2_Stream6_IRQHandler
                0x0000000008000f0c                DMA1_Stream3_IRQHandler
 .text.I2C_PeripheralControl
                0x0000000008000f0e       0x38 drivers/Src/stm32F407xx_I2C_driver.o
                0x0000000008000f0e                I2C_PeripheralControl
 *fill*         0x0000000008000f46        0x2 
 .text.I2C_PeriClockControl
                0x0000000008000f48       0xb0 drivers/Src/stm32F407xx_I2C_driver.o
                0x0000000008000f48                I2C_PeriClockControl
 .text.I2C_Init
                0x0000000008000ff8      0x1bc drivers/Src/stm32F407xx_I2C_driver.o
                0x0000000008000ff8                I2C_Init
 .text.I2C_MasterSendData
                0x00000000080011b4       0xd6 drivers/Src/stm32F407xx_I2C_driver.o
                0x00000000080011b4                I2C_MasterSendData
 .text.I2C_MasterReceiveData
                0x000000000800128a      0x24e drivers/Src/stm32F407xx_I2C_driver.o
                0x000000000800128a                I2C_MasterReceiveData
 .text.I2C_ManageAcking
                0x00000000080014d8       0x38 drivers/Src/stm32F407xx_I2C_driver.o
                0x00000000080014d8                I2C_ManageAcking
 .text.I2C_GenerateStopCondition
                0x0000000008001510       0x20 drivers/Src/stm32F407xx_I2C_driver.o
                0x0000000008001510                I2C_GenerateStopCondition
 .text.I2C_ClearADDRFlag
                0x0000000008001530       0x6e drivers/Src/stm32F407xx_I2C_driver.o
 .text.I2C_GenerateStartCondition
                0x000000000800159e       0x20 drivers/Src/stm32F407xx_I2C_driver.o
 .text.I2C_ExecuteAddressPhaseWrite
                0x00000000080015be       0x2c drivers/Src/stm32F407xx_I2C_driver.o
 .text.I2C_ExecuteAddressPhaseRead
                0x00000000080015ea       0x2c drivers/Src/stm32F407xx_I2C_driver.o
 .text.I2C_GetFlagStatus
                0x0000000008001616       0x28 drivers/Src/stm32F407xx_I2C_driver.o
                0x0000000008001616                I2C_GetFlagStatus
 .text.I2C_ERROR
                0x000000000800163e        0xe drivers/Src/stm32F407xx_I2C_driver.o
                0x000000000800163e                I2C_ERROR
 .text.RCC__GetPLLOutputClock
                0x000000000800164c       0x10 drivers/Src/stm32F407xx_RCC_driver.o
                0x000000000800164c                RCC__GetPLLOutputClock
 .text.RCC_getPCLK1Value
                0x000000000800165c       0xb0 drivers/Src/stm32F407xx_RCC_driver.o
                0x000000000800165c                RCC_getPCLK1Value
 .text.GPIO_PeriClockControl
                0x000000000800170c      0x1a0 drivers/Src/stm32F407xx_gpio_driver.o
                0x000000000800170c                GPIO_PeriClockControl
 .text.GPIO_Init
                0x00000000080018ac      0x358 drivers/Src/stm32F407xx_gpio_driver.o
                0x00000000080018ac                GPIO_Init
 .text.GPIO_ReadFromInputPin
                0x0000000008001c04       0x2c drivers/Src/stm32F407xx_gpio_driver.o
                0x0000000008001c04                GPIO_ReadFromInputPin
 .text.GPIO_WriteToOutputPin
                0x0000000008001c30       0x4a drivers/Src/stm32F407xx_gpio_driver.o
                0x0000000008001c30                GPIO_WriteToOutputPin
 *fill*         0x0000000008001c7a        0x2 
 .text.__libc_init_array
                0x0000000008001c7c       0x48 c:/st/stm32cubeide_1.3.0/stm32cubeide/plugins/com.st.stm32cube.ide.mcu.externaltools.gnu-tools-for-stm32.7-2018-q2-update.win32_1.4.0.202007081208/tools/bin/../lib/gcc/arm-none-eabi/7.3.1/../../../../arm-none-eabi/lib/thumb/v7e-m/fpv4-sp/hard\libc_nano.a(lib_a-init.o)
                0x0000000008001c7c                __libc_init_array
 *(.glue_7)
 .glue_7        0x0000000008001cc4        0x0 linker stubs
 *(.glue_7t)
 .glue_7t       0x0000000008001cc4        0x0 linker stubs
 *(.eh_frame)
 .eh_frame      0x0000000008001cc4        0x0 c:/st/stm32cubeide_1.3.0/stm32cubeide/plugins/com.st.stm32cube.ide.mcu.externaltools.gnu-tools-for-stm32.7-2018-q2-update.win32_1.4.0.202007081208/tools/bin/../lib/gcc/arm-none-eabi/7.3.1/thumb/v7e-m/fpv4-sp/hard/crtbegin.o
 *(.init)
 .init          0x0000000008001cc4        0x4 c:/st/stm32cubeide_1.3.0/stm32cubeide/plugins/com.st.stm32cube.ide.mcu.externaltools.gnu-tools-for-stm32.7-2018-q2-update.win32_1.4.0.202007081208/tools/bin/../lib/gcc/arm-none-eabi/7.3.1/thumb/v7e-m/fpv4-sp/hard/crti.o
                0x0000000008001cc4                _init
 .init          0x0000000008001cc8        0x8 c:/st/stm32cubeide_1.3.0/stm32cubeide/plugins/com.st.stm32cube.ide.mcu.externaltools.gnu-tools-for-stm32.7-2018-q2-update.win32_1.4.0.202007081208/tools/bin/../lib/gcc/arm-none-eabi/7.3.1/thumb/v7e-m/fpv4-sp/hard/crtn.o
 *(.fini)
 .fini          0x0000000008001cd0        0x4 c:/st/stm32cubeide_1.3.0/stm32cubeide/plugins/com.st.stm32cube.ide.mcu.externaltools.gnu-tools-for-stm32.7-2018-q2-update.win32_1.4.0.202007081208/tools/bin/../lib/gcc/arm-none-eabi/7.3.1/thumb/v7e-m/fpv4-sp/hard/crti.o
                0x0000000008001cd0                _fini
 .fini          0x0000000008001cd4        0x8 c:/st/stm32cubeide_1.3.0/stm32cubeide/plugins/com.st.stm32cube.ide.mcu.externaltools.gnu-tools-for-stm32.7-2018-q2-update.win32_1.4.0.202007081208/tools/bin/../lib/gcc/arm-none-eabi/7.3.1/thumb/v7e-m/fpv4-sp/hard/crtn.o
                0x0000000008001cdc                . = ALIGN (0x4)
                0x0000000008001cdc                _etext = .

.vfp11_veneer   0x0000000008001cdc        0x0
 .vfp11_veneer  0x0000000008001cdc        0x0 linker stubs

.v4_bx          0x0000000008001cdc        0x0
 .v4_bx         0x0000000008001cdc        0x0 linker stubs

.iplt           0x0000000008001cdc        0x0
 .iplt          0x0000000008001cdc        0x0 c:/st/stm32cubeide_1.3.0/stm32cubeide/plugins/com.st.stm32cube.ide.mcu.externaltools.gnu-tools-for-stm32.7-2018-q2-update.win32_1.4.0.202007081208/tools/bin/../lib/gcc/arm-none-eabi/7.3.1/thumb/v7e-m/fpv4-sp/hard/crtbegin.o

.rodata         0x0000000008001cdc       0x18
                0x0000000008001cdc                . = ALIGN (0x4)
 *(.rodata)
 .rodata        0x0000000008001cdc       0x18 Src/002_AccelOnly.o
 *(.rodata*)
                0x0000000008001cf4                . = ALIGN (0x4)

.rel.dyn        0x0000000008001cf4        0x0
 .rel.iplt      0x0000000008001cf4        0x0 c:/st/stm32cubeide_1.3.0/stm32cubeide/plugins/com.st.stm32cube.ide.mcu.externaltools.gnu-tools-for-stm32.7-2018-q2-update.win32_1.4.0.202007081208/tools/bin/../lib/gcc/arm-none-eabi/7.3.1/thumb/v7e-m/fpv4-sp/hard/crtbegin.o

.ARM.extab      0x0000000008001cf4        0x0
                0x0000000008001cf4                . = ALIGN (0x4)
 *(.ARM.extab* .gnu.linkonce.armextab.*)
                0x0000000008001cf4                . = ALIGN (0x4)

.ARM            0x0000000008001cf4        0x0
                0x0000000008001cf4                . = ALIGN (0x4)
                0x0000000008001cf4                __exidx_start = .
 *(.ARM.exidx*)
                0x0000000008001cf4                __exidx_end = .
                0x0000000008001cf4                . = ALIGN (0x4)

.preinit_array  0x0000000008001cf4        0x0
                0x0000000008001cf4                . = ALIGN (0x4)
                0x0000000008001cf4                PROVIDE (__preinit_array_start = .)
 *(.preinit_array*)
                0x0000000008001cf4                PROVIDE (__preinit_array_end = .)
                0x0000000008001cf4                . = ALIGN (0x4)

.init_array     0x0000000008001cf4        0x4
                0x0000000008001cf4                . = ALIGN (0x4)
                0x0000000008001cf4                PROVIDE (__init_array_start = .)
 *(SORT_BY_NAME(.init_array.*))
 *(.init_array*)
 .init_array    0x0000000008001cf4        0x4 c:/st/stm32cubeide_1.3.0/stm32cubeide/plugins/com.st.stm32cube.ide.mcu.externaltools.gnu-tools-for-stm32.7-2018-q2-update.win32_1.4.0.202007081208/tools/bin/../lib/gcc/arm-none-eabi/7.3.1/thumb/v7e-m/fpv4-sp/hard/crtbegin.o
                0x0000000008001cf8                PROVIDE (__init_array_end = .)
                0x0000000008001cf8                . = ALIGN (0x4)

.fini_array     0x0000000008001cf8        0x4
                0x0000000008001cf8                . = ALIGN (0x4)
                [!provide]                        PROVIDE (__fini_array_start = .)
 *(SORT_BY_NAME(.fini_array.*))
 *(.fini_array*)
 .fini_array    0x0000000008001cf8        0x4 c:/st/stm32cubeide_1.3.0/stm32cubeide/plugins/com.st.stm32cube.ide.mcu.externaltools.gnu-tools-for-stm32.7-2018-q2-update.win32_1.4.0.202007081208/tools/bin/../lib/gcc/arm-none-eabi/7.3.1/thumb/v7e-m/fpv4-sp/hard/crtbegin.o
                [!provide]                        PROVIDE (__fini_array_end = .)
                0x0000000008001cfc                . = ALIGN (0x4)
                0x0000000008001cfc                _sidata = LOADADDR (.data)

.data           0x0000000020000000       0x18 load address 0x0000000008001cfc
                0x0000000020000000                . = ALIGN (0x4)
                0x0000000020000000                _sdata = .
 *(.data)
 *(.data*)
 .data.AHB_PreScaler
                0x0000000020000000       0x10 drivers/Src/stm32F407xx_RCC_driver.o
                0x0000000020000000                AHB_PreScaler
 .data.APB1_PreScalar
                0x0000000020000010        0x8 drivers/Src/stm32F407xx_RCC_driver.o
                0x0000000020000010                APB1_PreScalar
                0x0000000020000018                . = ALIGN (0x4)
                0x0000000020000018                _edata = .

.igot.plt       0x0000000020000018        0x0 load address 0x0000000008001d14
 .igot.plt      0x0000000020000018        0x0 c:/st/stm32cubeide_1.3.0/stm32cubeide/plugins/com.st.stm32cube.ide.mcu.externaltools.gnu-tools-for-stm32.7-2018-q2-update.win32_1.4.0.202007081208/tools/bin/../lib/gcc/arm-none-eabi/7.3.1/thumb/v7e-m/fpv4-sp/hard/crtbegin.o
                0x0000000020000018                . = ALIGN (0x4)

.bss            0x0000000020000018       0x7c load address 0x0000000008001d14
                0x0000000020000018                _sbss = .
                0x0000000020000018                __bss_start__ = _sbss
 *(.bss)
 .bss           0x0000000020000018       0x1c c:/st/stm32cubeide_1.3.0/stm32cubeide/plugins/com.st.stm32cube.ide.mcu.externaltools.gnu-tools-for-stm32.7-2018-q2-update.win32_1.4.0.202007081208/tools/bin/../lib/gcc/arm-none-eabi/7.3.1/thumb/v7e-m/fpv4-sp/hard/crtbegin.o
 *(.bss*)
 .bss.EntryMode_val
                0x0000000020000034        0x1 LCD_Driver/lcd.o
 .bss.DisplayControl_val
                0x0000000020000035        0x1 LCD_Driver/lcd.o
 .bss.FunctionSet_val
                0x0000000020000036        0x1 LCD_Driver/lcd.o
 .bss.mpuADDR   0x0000000020000037        0x1 Src/MPU6050_Driver.o
                0x0000000020000037                mpuADDR
 *(COMMON)
 COMMON         0x0000000020000038       0x58 LCD_Driver/lcd.o
                0x0000000020000038                pinDetails
 COMMON         0x0000000020000090        0x4 Src/002_AccelOnly.o
                0x0000000020000090                System_I2C_ForMPU
                0x0000000020000094                . = ALIGN (0x4)
                0x0000000020000094                _ebss = .
                0x0000000020000094                __bss_end__ = _ebss

._user_heap_stack
                0x0000000020000094      0x604 load address 0x0000000008001d14
                0x0000000020000098                . = ALIGN (0x8)
 *fill*         0x0000000020000094        0x4 
                [!provide]                        PROVIDE (end = .)
                0x0000000020000098                PROVIDE (_end = .)
                0x0000000020000298                . = (. + _Min_Heap_Size)
 *fill*         0x0000000020000098      0x200 
                0x0000000020000698                . = (. + _Min_Stack_Size)
 *fill*         0x0000000020000298      0x400 
                0x0000000020000698                . = ALIGN (0x8)

/DISCARD/
 libc.a(*)
 libm.a(*)
 libgcc.a(*)

.ARM.attributes
                0x0000000000000000       0x2e
 *(.ARM.attributes)
 .ARM.attributes
                0x0000000000000000       0x22 c:/st/stm32cubeide_1.3.0/stm32cubeide/plugins/com.st.stm32cube.ide.mcu.externaltools.gnu-tools-for-stm32.7-2018-q2-update.win32_1.4.0.202007081208/tools/bin/../lib/gcc/arm-none-eabi/7.3.1/thumb/v7e-m/fpv4-sp/hard/crti.o
 .ARM.attributes
                0x0000000000000022       0x34 c:/st/stm32cubeide_1.3.0/stm32cubeide/plugins/com.st.stm32cube.ide.mcu.externaltools.gnu-tools-for-stm32.7-2018-q2-update.win32_1.4.0.202007081208/tools/bin/../lib/gcc/arm-none-eabi/7.3.1/thumb/v7e-m/fpv4-sp/hard/crtbegin.o
 .ARM.attributes
                0x0000000000000056       0x37 LCD_Driver/lcd.o
 .ARM.attributes
                0x000000000000008d       0x39 Src/002_AccelOnly.o
 .ARM.attributes
                0x00000000000000c6       0x37 Src/MPU6050_Driver.o
 .ARM.attributes
                0x00000000000000fd       0x21 Startup/startup_stm32f407vgtx.o
 .ARM.attributes
                0x000000000000011e       0x37 drivers/Src/stm32F407xx_I2C_driver.o
 .ARM.attributes
                0x0000000000000155       0x37 drivers/Src/stm32F407xx_RCC_driver.o
 .ARM.attributes
                0x000000000000018c       0x37 drivers/Src/stm32F407xx_gpio_driver.o
 .ARM.attributes
                0x00000000000001c3       0x34 c:/st/stm32cubeide_1.3.0/stm32cubeide/plugins/com.st.stm32cube.ide.mcu.externaltools.gnu-tools-for-stm32.7-2018-q2-update.win32_1.4.0.202007081208/tools/bin/../lib/gcc/arm-none-eabi/7.3.1/../../../../arm-none-eabi/lib/thumb/v7e-m/fpv4-sp/hard\libc_nano.a(lib_a-init.o)
 .ARM.attributes
                0x00000000000001f7       0x22 c:/st/stm32cubeide_1.3.0/stm32cubeide/plugins/com.st.stm32cube.ide.mcu.externaltools.gnu-tools-for-stm32.7-2018-q2-update.win32_1.4.0.202007081208/tools/bin/../lib/gcc/arm-none-eabi/7.3.1/thumb/v7e-m/fpv4-sp/hard/crtn.o
OUTPUT(003Accelerometer_MPU6050.elf elf32-littlearm)

.debug_info     0x0000000000000000     0x5168
 .debug_info    0x0000000000000000      0x969 LCD_Driver/lcd.o
 .debug_info    0x0000000000000969      0xcd2 Src/002_AccelOnly.o
 .debug_info    0x000000000000163b     0x239d Src/MPU6050_Driver.o
 .debug_info    0x00000000000039d8       0x22 Startup/startup_stm32f407vgtx.o
 .debug_info    0x00000000000039fa      0xa5c drivers/Src/stm32F407xx_I2C_driver.o
 .debug_info    0x0000000000004456      0x5a7 drivers/Src/stm32F407xx_RCC_driver.o
 .debug_info    0x00000000000049fd      0x76b drivers/Src/stm32F407xx_gpio_driver.o

.debug_abbrev   0x0000000000000000      0xafb
 .debug_abbrev  0x0000000000000000      0x1aa LCD_Driver/lcd.o
 .debug_abbrev  0x00000000000001aa      0x199 Src/002_AccelOnly.o
 .debug_abbrev  0x0000000000000343      0x2c5 Src/MPU6050_Driver.o
 .debug_abbrev  0x0000000000000608       0x12 Startup/startup_stm32f407vgtx.o
 .debug_abbrev  0x000000000000061a      0x205 drivers/Src/stm32F407xx_I2C_driver.o
 .debug_abbrev  0x000000000000081f      0x165 drivers/Src/stm32F407xx_RCC_driver.o
 .debug_abbrev  0x0000000000000984      0x177 drivers/Src/stm32F407xx_gpio_driver.o

.debug_aranges  0x0000000000000000      0x570
 .debug_aranges
                0x0000000000000000      0x128 LCD_Driver/lcd.o
 .debug_aranges
                0x0000000000000128       0x20 Src/002_AccelOnly.o
 .debug_aranges
                0x0000000000000148      0x250 Src/MPU6050_Driver.o
 .debug_aranges
                0x0000000000000398       0x28 Startup/startup_stm32f407vgtx.o
 .debug_aranges
                0x00000000000003c0       0xf0 drivers/Src/stm32F407xx_I2C_driver.o
 .debug_aranges
                0x00000000000004b0       0x50 drivers/Src/stm32F407xx_RCC_driver.o
 .debug_aranges
                0x0000000000000500       0x70 drivers/Src/stm32F407xx_gpio_driver.o

.debug_ranges   0x0000000000000000      0x640
 .debug_ranges  0x0000000000000000      0x118 LCD_Driver/lcd.o
 .debug_ranges  0x0000000000000118       0x10 Src/002_AccelOnly.o
 .debug_ranges  0x0000000000000128      0x378 Src/MPU6050_Driver.o
 .debug_ranges  0x00000000000004a0       0x20 Startup/startup_stm32f407vgtx.o
 .debug_ranges  0x00000000000004c0       0xe0 drivers/Src/stm32F407xx_I2C_driver.o
 .debug_ranges  0x00000000000005a0       0x40 drivers/Src/stm32F407xx_RCC_driver.o
 .debug_ranges  0x00000000000005e0       0x60 drivers/Src/stm32F407xx_gpio_driver.o

.debug_macro    0x0000000000000000     0x6b2d
 .debug_macro   0x0000000000000000       0xbe LCD_Driver/lcd.o
 .debug_macro   0x00000000000000be      0xa60 LCD_Driver/lcd.o
 .debug_macro   0x0000000000000b1e       0x22 LCD_Driver/lcd.o
 .debug_macro   0x0000000000000b40       0x8e LCD_Driver/lcd.o
 .debug_macro   0x0000000000000bce       0x51 LCD_Driver/lcd.o
 .debug_macro   0x0000000000000c1f       0xef LCD_Driver/lcd.o
 .debug_macro   0x0000000000000d0e       0x6a LCD_Driver/lcd.o
 .debug_macro   0x0000000000000d78      0x1df LCD_Driver/lcd.o
 .debug_macro   0x0000000000000f57      0x174 LCD_Driver/lcd.o
 .debug_macro   0x00000000000010cb     0x166b LCD_Driver/lcd.o
 .debug_macro   0x0000000000002736       0xc4 LCD_Driver/lcd.o
 .debug_macro   0x00000000000027fa       0x10 LCD_Driver/lcd.o
 .debug_macro   0x000000000000280a      0x24f LCD_Driver/lcd.o
 .debug_macro   0x0000000000002a59      0x23b LCD_Driver/lcd.o
 .debug_macro   0x0000000000002c94       0xcc LCD_Driver/lcd.o
 .debug_macro   0x0000000000002d60      0x226 Src/002_AccelOnly.o
 .debug_macro   0x0000000000002f86      0xa66 Src/002_AccelOnly.o
 .debug_macro   0x00000000000039ec       0x40 Src/002_AccelOnly.o
 .debug_macro   0x0000000000003a2c       0x18 Src/002_AccelOnly.o
 .debug_macro   0x0000000000003a44       0x94 Src/002_AccelOnly.o
 .debug_macro   0x0000000000003ad8       0x3c Src/002_AccelOnly.o
 .debug_macro   0x0000000000003b14       0x34 Src/002_AccelOnly.o
 .debug_macro   0x0000000000003b48       0x16 Src/002_AccelOnly.o
 .debug_macro   0x0000000000003b5e       0x57 Src/002_AccelOnly.o
 .debug_macro   0x0000000000003bb5       0x97 Src/002_AccelOnly.o
 .debug_macro   0x0000000000003c4c      0x330 Src/002_AccelOnly.o
 .debug_macro   0x0000000000003f7c       0xfd Src/002_AccelOnly.o
 .debug_macro   0x0000000000004079       0x10 Src/002_AccelOnly.o
 .debug_macro   0x0000000000004089       0x52 Src/002_AccelOnly.o
 .debug_macro   0x00000000000040db       0x1f Src/002_AccelOnly.o
 .debug_macro   0x00000000000040fa       0x43 Src/002_AccelOnly.o
 .debug_macro   0x000000000000413d       0x20 Src/002_AccelOnly.o
 .debug_macro   0x000000000000415d      0x1a3 Src/002_AccelOnly.o
 .debug_macro   0x0000000000004300       0x10 Src/002_AccelOnly.o
 .debug_macro   0x0000000000004310       0x1c Src/002_AccelOnly.o
 .debug_macro   0x000000000000432c       0x52 Src/002_AccelOnly.o
 .debug_macro   0x000000000000437e       0x40 Src/002_AccelOnly.o
 .debug_macro   0x00000000000043be       0x10 Src/002_AccelOnly.o
 .debug_macro   0x00000000000043ce       0x40 Src/002_AccelOnly.o
 .debug_macro   0x000000000000440e       0xd7 Src/002_AccelOnly.o
 .debug_macro   0x00000000000044e5       0x1c Src/002_AccelOnly.o
 .debug_macro   0x0000000000004501       0x3d Src/002_AccelOnly.o
 .debug_macro   0x000000000000453e       0x16 Src/002_AccelOnly.o
 .debug_macro   0x0000000000004554      0x145 Src/002_AccelOnly.o
 .debug_macro   0x0000000000004699     0x166b Src/002_AccelOnly.o
 .debug_macro   0x0000000000005d04       0xdc Src/002_AccelOnly.o
 .debug_macro   0x0000000000005de0      0x6d0 Src/002_AccelOnly.o
 .debug_macro   0x00000000000064b0       0xca Src/002_AccelOnly.o
 .debug_macro   0x000000000000657a      0x1fe Src/MPU6050_Driver.o
 .debug_macro   0x0000000000006778       0x17 Src/MPU6050_Driver.o
 .debug_macro   0x000000000000678f      0x1e1 Src/MPU6050_Driver.o
 .debug_macro   0x0000000000006970       0xa1 drivers/Src/stm32F407xx_I2C_driver.o
 .debug_macro   0x0000000000006a11       0x8e drivers/Src/stm32F407xx_RCC_driver.o
 .debug_macro   0x0000000000006a9f       0x8e drivers/Src/stm32F407xx_gpio_driver.o

.debug_line     0x0000000000000000     0x31ca
 .debug_line    0x0000000000000000      0x79a LCD_Driver/lcd.o
 .debug_line    0x000000000000079a      0x71e Src/002_AccelOnly.o
 .debug_line    0x0000000000000eb8      0xf1c Src/MPU6050_Driver.o
 .debug_line    0x0000000000001dd4       0x84 Startup/startup_stm32f407vgtx.o
 .debug_line    0x0000000000001e58      0x856 drivers/Src/stm32F407xx_I2C_driver.o
 .debug_line    0x00000000000026ae      0x4c6 drivers/Src/stm32F407xx_RCC_driver.o
 .debug_line    0x0000000000002b74      0x656 drivers/Src/stm32F407xx_gpio_driver.o

.debug_str      0x0000000000000000    0x12aef
 .debug_str     0x0000000000000000     0xaa90 LCD_Driver/lcd.o
                                       0xacfb (size before relaxing)
 .debug_str     0x000000000000aa90     0x64ca Src/002_AccelOnly.o
                                      0x10cb9 (size before relaxing)
 .debug_str     0x0000000000010f5a     0x136f Src/MPU6050_Driver.o
                                      0x1090d (size before relaxing)
 .debug_str     0x00000000000122c9       0x31 Startup/startup_stm32f407vgtx.o
                                         0x8a (size before relaxing)
 .debug_str     0x00000000000122fa      0x42f drivers/Src/stm32F407xx_I2C_driver.o
                                       0xa21b (size before relaxing)
 .debug_str     0x0000000000012729      0x263 drivers/Src/stm32F407xx_RCC_driver.o
                                       0x9d0e (size before relaxing)
 .debug_str     0x000000000001298c      0x163 drivers/Src/stm32F407xx_gpio_driver.o
                                       0x9723 (size before relaxing)

.comment        0x0000000000000000       0x7b
 .comment       0x0000000000000000       0x7b LCD_Driver/lcd.o
                                         0x7c (size before relaxing)
 .comment       0x000000000000007b       0x7c Src/002_AccelOnly.o
 .comment       0x000000000000007b       0x7c Src/MPU6050_Driver.o
 .comment       0x000000000000007b       0x7c drivers/Src/stm32F407xx_I2C_driver.o
 .comment       0x000000000000007b       0x7c drivers/Src/stm32F407xx_RCC_driver.o
 .comment       0x000000000000007b       0x7c drivers/Src/stm32F407xx_gpio_driver.o

.debug_frame    0x0000000000000000     0x1608
 .debug_frame   0x0000000000000000      0x480 LCD_Driver/lcd.o
 .debug_frame   0x0000000000000480       0x30 Src/002_AccelOnly.o
 .debug_frame   0x00000000000004b0      0xa30 Src/MPU6050_Driver.o
 .debug_frame   0x0000000000000ee0      0x418 drivers/Src/stm32F407xx_I2C_driver.o
 .debug_frame   0x00000000000012f8      0x11c drivers/Src/stm32F407xx_RCC_driver.o
 .debug_frame   0x0000000000001414      0x1c8 drivers/Src/stm32F407xx_gpio_driver.o
 .debug_frame   0x00000000000015dc       0x2c c:/st/stm32cubeide_1.3.0/stm32cubeide/plugins/com.st.stm32cube.ide.mcu.externaltools.gnu-tools-for-stm32.7-2018-q2-update.win32_1.4.0.202007081208/tools/bin/../lib/gcc/arm-none-eabi/7.3.1/../../../../arm-none-eabi/lib/thumb/v7e-m/fpv4-sp/hard\libc_nano.a(lib_a-init.o)
