lcd.c:23:13:Delay	24	static
lcd.c:152:6:lcd16x02_int	16	static
lcd.c:231:6:lcd16x02_blink_on	8	static
lcd.c:236:6:lcd16x02_blink_off	8	static
lcd.c:241:6:lcd16x02_cursor_on	8	static
lcd.c:246:6:lcd16x02_cursor_off	8	static
lcd.c:251:6:lcd16x02_display_on	8	static
lcd.c:256:6:lcd16x02_display_off	8	static
lcd.c:261:6:lcd16x02_scroll_display	16	static
lcd.c:275:6:lcd16x02_shift_RtoL	8	static
lcd.c:281:6:lcd16x02_shift_LtoR	8	static
lcd.c:289:6:lcd16x02_reset	4	static
lcd.c:300:6:lcd16x02_write_char	16	static
lcd.c:311:6:lcd16x02_write_string	16	static
lcd.c:332:6:lcd16x02_clear	8	static
lcd.c:343:6:lcd16x02_setCursor	16	static
lcd.c:360:6:lcd16x02_send_cmd	16	static
lcd.c:373:6:lcd16x02_returnHome	8	static
lcd.c:379:6:lcd16x02_set_DDRAM_addr	16	static
lcd.c:391:6:lcd16x02_set_CGRAM_addr	16	static
lcd.c:412:6:lcd16x02_enable	8	static
lcd.c:428:13:write4_Bits	16	static
lcd.c:438:13:write8_Bits	16	static
lcd.c:458:6:lcd16x02_RS_pin	32	static
lcd.c:476:6:lcd16x02_RW_pin	32	static
lcd.c:491:6:lcd16x02_Enable_pin	32	static
lcd.c:508:6:lcd16x02_Data_pin0	32	static
lcd.c:523:6:lcd16x02_Data_pin1	32	static
lcd.c:538:6:lcd16x02_Data_pin2	32	static
lcd.c:553:6:lcd16x02_Data_pin3	32	static
lcd.c:568:6:lcd16x02_Data_pin4	32	static
lcd.c:583:6:lcd16x02_Data_pin5	32	static
lcd.c:598:6:lcd16x02_Data_pin6	32	static
lcd.c:613:6:lcd16x02_Data_pin7	32	static
